{"version":"0.6.0","fields":[{"name":"name","boost":10},{"name":"title","boost":10},{"name":"h1","boost":8},{"name":"h2","boost":5},{"name":"h3","boost":3},{"name":"body","boost":1}],"ref":"id","documentStore":{"store":{"test/fixtures/markdown/document1.md":["better","brilliant","document","first","second","test/fixtures/markdown/document1.md","text","titl"],"test/fixtures/markdown/document2.markdown":["better","brilliant","document","first","second","test/fixtures/markdown/document2.markdown","text","titl"],"test/fixtures/html/document1.html":["better","bodi","brilliant","doctyp","document","first","h1>mi","h2>mi","head","heading</h1","html","p>mi","second","second.</p","subheading</h2","test/fixtures/html/document1.html","text","titl","title</titl","title>mi"],"test/fixtures/html/document2.html":["better","bodi","brilliant","doctyp","document","first","first.</p","h1>mi","h2>mi","head","heading</h1","html","p>mi","second","subheading</h2","test/fixtures/html/document2.html","text","titl","title</titl","title>mi"]},"length":4},"tokenStore":{"root":{"docs":{},"b":{"docs":{},"e":{"docs":{},"t":{"docs":{},"t":{"docs":{},"e":{"docs":{},"r":{"docs":{"test/fixtures/markdown/document1.md":{"ref":"test/fixtures/markdown/document1.md","tf":0.1},"test/fixtures/markdown/document2.markdown":{"ref":"test/fixtures/markdown/document2.markdown","tf":0.1},"test/fixtures/html/document1.html":{"ref":"test/fixtures/html/document1.html","tf":0.034482758620689655},"test/fixtures/html/document2.html":{"ref":"test/fixtures/html/document2.html","tf":0.038461538461538464}}}}}}},"r":{"docs":{},"i":{"docs":{},"l":{"docs":{},"l":{"docs":{},"i":{"docs":{},"a":{"docs":{},"n":{"docs":{},"t":{"docs":{"test/fixtures/markdown/document1.md":{"ref":"test/fixtures/markdown/document1.md","tf":0.1},"test/fixtures/markdown/document2.markdown":{"ref":"test/fixtures/markdown/document2.markdown","tf":0.1},"test/fixtures/html/document1.html":{"ref":"test/fixtures/html/document1.html","tf":0.034482758620689655},"test/fixtures/html/document2.html":{"ref":"test/fixtures/html/document2.html","tf":0.038461538461538464}}}}}}}}}},"o":{"docs":{},"d":{"docs":{},"i":{"docs":{"test/fixtures/html/document1.html":{"ref":"test/fixtures/html/document1.html","tf":0.06896551724137931},"test/fixtures/html/document2.html":{"ref":"test/fixtures/html/document2.html","tf":0.07692307692307693}}}}}},"d":{"docs":{},"o":{"docs":{},"c":{"docs":{},"u":{"docs":{},"m":{"docs":{},"e":{"docs":{},"n":{"docs":{},"t":{"docs":{"test/fixtures/markdown/document1.md":{"ref":"test/fixtures/markdown/document1.md","tf":2.8666666666666667},"test/fixtures/markdown/document2.markdown":{"ref":"test/fixtures/markdown/document2.markdown","tf":2.8666666666666667},"test/fixtures/html/document1.html":{"ref":"test/fixtures/html/document1.html","tf":3.4022988505747125},"test/fixtures/html/document2.html":{"ref":"test/fixtures/html/document2.html","tf":3.41025641025641}}}}}}},"t":{"docs":{},"y":{"docs":{},"p":{"docs":{"test/fixtures/html/document1.html":{"ref":"test/fixtures/html/document1.html","tf":0.034482758620689655},"test/fixtures/html/document2.html":{"ref":"test/fixtures/html/document2.html","tf":0.038461538461538464}}}}}}}},"f":{"docs":{},"i":{"docs":{},"r":{"docs":{},"s":{"docs":{},"t":{"docs":{"test/fixtures/markdown/document1.md":{"ref":"test/fixtures/markdown/document1.md","tf":2.9666666666666663},"test/fixtures/markdown/document2.markdown":{"ref":"test/fixtures/markdown/document2.markdown","tf":0.1},"test/fixtures/html/document1.html":{"ref":"test/fixtures/html/document1.html","tf":3.5057471264367814},"test/fixtures/html/document2.html":{"ref":"test/fixtures/html/document2.html","tf":3.3717948717948714}},".":{"docs":{},"<":{"docs":{},"/":{"docs":{},"p":{"docs":{"test/fixtures/html/document2.html":{"ref":"test/fixtures/html/document2.html","tf":0.038461538461538464}}}}}}}}}}},"s":{"docs":{},"e":{"docs":{},"c":{"docs":{},"o":{"docs":{},"n":{"docs":{},"d":{"docs":{"test/fixtures/markdown/document1.md":{"ref":"test/fixtures/markdown/document1.md","tf":0.1},"test/fixtures/markdown/document2.markdown":{"ref":"test/fixtures/markdown/document2.markdown","tf":2.9666666666666663},"test/fixtures/html/document1.html":{"ref":"test/fixtures/html/document1.html","tf":0.034482758620689655},"test/fixtures/html/document2.html":{"ref":"test/fixtures/html/document2.html","tf":0.15384615384615385}},".":{"docs":{},"<":{"docs":{},"/":{"docs":{},"p":{"docs":{"test/fixtures/html/document1.html":{"ref":"test/fixtures/html/document1.html","tf":0.034482758620689655}}}}}}}}}}},"u":{"docs":{},"b":{"docs":{},"h":{"docs":{},"e":{"docs":{},"a":{"docs":{},"d":{"docs":{},"i":{"docs":{},"n":{"docs":{},"g":{"docs":{},"<":{"docs":{},"/":{"docs":{},"h":{"2":{"docs":{"test/fixtures/html/document1.html":{"ref":"test/fixtures/html/document1.html","tf":0.034482758620689655},"test/fixtures/html/document2.html":{"ref":"test/fixtures/html/document2.html","tf":0.038461538461538464}}},"docs":{}}}}}}}}}}}}}},"t":{"docs":{},"e":{"docs":{},"s":{"docs":{},"t":{"docs":{},"/":{"docs":{},"f":{"docs":{},"i":{"docs":{},"x":{"docs":{},"t":{"docs":{},"u":{"docs":{},"r":{"docs":{},"e":{"docs":{},"s":{"docs":{},"/":{"docs":{},"m":{"docs":{},"a":{"docs":{},"r":{"docs":{},"k":{"docs":{},"d":{"docs":{},"o":{"docs":{},"w":{"docs":{},"n":{"docs":{},"/":{"docs":{},"d":{"docs":{},"o":{"docs":{},"c":{"docs":{},"u":{"docs":{},"m":{"docs":{},"e":{"docs":{},"n":{"docs":{},"t":{"1":{"docs":{},".":{"docs":{},"m":{"docs":{},"d":{"docs":{"test/fixtures/markdown/document1.md":{"ref":"test/fixtures/markdown/document1.md","tf":10}}}}}},"2":{"docs":{},".":{"docs":{},"m":{"docs":{},"a":{"docs":{},"r":{"docs":{},"k":{"docs":{},"d":{"docs":{},"o":{"docs":{},"w":{"docs":{},"n":{"docs":{"test/fixtures/markdown/document2.markdown":{"ref":"test/fixtures/markdown/document2.markdown","tf":10}}}}}}}}}}}},"docs":{}}}}}}}}}}}}}}}}}},"h":{"docs":{},"t":{"docs":{},"m":{"docs":{},"l":{"docs":{},"/":{"docs":{},"d":{"docs":{},"o":{"docs":{},"c":{"docs":{},"u":{"docs":{},"m":{"docs":{},"e":{"docs":{},"n":{"docs":{},"t":{"1":{"docs":{},".":{"docs":{},"h":{"docs":{},"t":{"docs":{},"m":{"docs":{},"l":{"docs":{"test/fixtures/html/document1.html":{"ref":"test/fixtures/html/document1.html","tf":10}}}}}}}},"2":{"docs":{},".":{"docs":{},"h":{"docs":{},"t":{"docs":{},"m":{"docs":{},"l":{"docs":{"test/fixtures/html/document2.html":{"ref":"test/fixtures/html/document2.html","tf":10}}}}}}}},"docs":{}}}}}}}}}}}}}}}}}}}}}}}}}},"x":{"docs":{},"t":{"docs":{"test/fixtures/markdown/document1.md":{"ref":"test/fixtures/markdown/document1.md","tf":0.1},"test/fixtures/markdown/document2.markdown":{"ref":"test/fixtures/markdown/document2.markdown","tf":0.1},"test/fixtures/html/document1.html":{"ref":"test/fixtures/html/document1.html","tf":0.034482758620689655},"test/fixtures/html/document2.html":{"ref":"test/fixtures/html/document2.html","tf":0.038461538461538464}}}}},"i":{"docs":{},"t":{"docs":{},"l":{"docs":{"test/fixtures/markdown/document1.md":{"ref":"test/fixtures/markdown/document1.md","tf":2.7666666666666666},"test/fixtures/markdown/document2.markdown":{"ref":"test/fixtures/markdown/document2.markdown","tf":2.7666666666666666},"test/fixtures/html/document1.html":{"ref":"test/fixtures/html/document1.html","tf":3.333333333333333},"test/fixtures/html/document2.html":{"ref":"test/fixtures/html/document2.html","tf":3.333333333333333}},"e":{"docs":{},"<":{"docs":{},"/":{"docs":{},"t":{"docs":{},"i":{"docs":{},"t":{"docs":{},"l":{"docs":{"test/fixtures/html/document1.html":{"ref":"test/fixtures/html/document1.html","tf":0.034482758620689655},"test/fixtures/html/document2.html":{"ref":"test/fixtures/html/document2.html","tf":0.038461538461538464}}}}}}}},">":{"docs":{},"m":{"docs":{},"i":{"docs":{"test/fixtures/html/document1.html":{"ref":"test/fixtures/html/document1.html","tf":0.034482758620689655},"test/fixtures/html/document2.html":{"ref":"test/fixtures/html/document2.html","tf":0.038461538461538464}}}}}}}}}},"h":{"1":{"docs":{},">":{"docs":{},"m":{"docs":{},"i":{"docs":{"test/fixtures/html/document1.html":{"ref":"test/fixtures/html/document1.html","tf":0.06896551724137931},"test/fixtures/html/document2.html":{"ref":"test/fixtures/html/document2.html","tf":0.038461538461538464}}}}}},"2":{"docs":{},">":{"docs":{},"m":{"docs":{},"i":{"docs":{"test/fixtures/html/document1.html":{"ref":"test/fixtures/html/document1.html","tf":0.034482758620689655},"test/fixtures/html/document2.html":{"ref":"test/fixtures/html/document2.html","tf":0.038461538461538464}}}}}},"docs":{},"e":{"docs":{},"a":{"docs":{},"d":{"docs":{"test/fixtures/html/document1.html":{"ref":"test/fixtures/html/document1.html","tf":0.06896551724137931},"test/fixtures/html/document2.html":{"ref":"test/fixtures/html/document2.html","tf":0.07692307692307693}},"i":{"docs":{},"n":{"docs":{},"g":{"docs":{},"<":{"docs":{},"/":{"docs":{},"h":{"1":{"docs":{"test/fixtures/html/document1.html":{"ref":"test/fixtures/html/document1.html","tf":0.06896551724137931},"test/fixtures/html/document2.html":{"ref":"test/fixtures/html/document2.html","tf":0.038461538461538464}}},"docs":{}}}}}}}}}},"t":{"docs":{},"m":{"docs":{},"l":{"docs":{"test/fixtures/html/document1.html":{"ref":"test/fixtures/html/document1.html","tf":0.10344827586206896},"test/fixtures/html/document2.html":{"ref":"test/fixtures/html/document2.html","tf":0.11538461538461539}}}}}},"p":{"docs":{},">":{"docs":{},"m":{"docs":{},"i":{"docs":{"test/fixtures/html/document1.html":{"ref":"test/fixtures/html/document1.html","tf":0.034482758620689655},"test/fixtures/html/document2.html":{"ref":"test/fixtures/html/document2.html","tf":0.038461538461538464}}}}}}},"length":56},"corpusTokens":["better","bodi","brilliant","doctyp","document","first","first.</p","h1>mi","h2>mi","head","heading</h1","html","p>mi","second","second.</p","subheading</h2","test/fixtures/html/document1.html","test/fixtures/html/document2.html","test/fixtures/markdown/document1.md","test/fixtures/markdown/document2.markdown","text","titl","title</titl","title>mi"],"pipeline":["trimmer","stopWordFilter","stemmer"]}